❯ tests/integration/generator.test.ts (15 tests | 2 failed) 5655ms
     ✓ generates the base template with Prisma SQLite wiring 60ms
     ✓ generates a base template without Prisma dependencies or scripts 70ms
     ✓ writes pnpm and Bun build approvals for Prisma dependencies 89ms
     ✓ propagates Prisma configuration failures 28ms
     ✓ leaves no partial destination when project creation fails 28ms
     ✓ generates the email/password template with a mocked bcrypt hash module 45ms
     ✓ generates the OAuth template with production runtime files 68ms
     ✓ writes generated docs, Docker Compose, and selected OAuth providers 61ms
     ✓ generates GitHub-only OAuth files when only GitHub is selected 101ms
     × OAuth callback 'uses sessions returned by the current…' 847ms
     × OAuth callback 'returns an actionable conflict when e…' 811ms
     ✓ generates the connected full-stack workspace without legacy package rewrites 99ms
     ✓ boots the generated 'base' server with mocked runtime packages  1361ms
     ✓ boots the generated 'auth' server with mocked runtime packages  1089ms
     ✓ boots the generated 'auth-oauth' server with mocked runtime packages  896ms
 ✓ src/tests/templated-routes.test.ts (59 tests) 944ms
 ✓ tests/unit/cli.test.ts (9 tests) 6333ms
     ✓ fails fast when no project name is provided  1436ms
     ✓ prints help without requiring a project name or starting generation  1090ms
     ✓ reports an existing target directory before running prompts  1200ms
     ✓ runs the common base-template flow without crashing  327ms
     ✓ rejects unsupported package managers before prompting  1098ms
     ✓ prints the package version without requiring a project name  1057ms
stdout | tests/generated-auth-acceptance.test.ts > generated authentication acceptance > registers, logs in, authorizes, and refreshes with the published core package
◇ injected env (0) from .env // tip: ◈ encrypted .env [www.dotenvx.com]

 ✓ tests/generated-auth-acceptance.test.ts (1 test) 1737ms
     ✓ registers, logs in, authorizes, and refreshes with the published core package  1734ms
 ✓ tests/unit/finalSetup.test.ts (13 tests) 63ms
 ✓ tests/unit/prompts.test.ts (9 tests) 31ms
 ✓ tests/fuzz/template-security.fuzz.test.ts (4 tests) 555ms
 ✓ tests/unit/process.test.ts (11 tests) 25ms
 ✓ src/tests/template-validation.test.ts (8 tests) 33ms
 ✓ tests/template-auth-flows.test.ts (3 tests) 248ms
 ✓ tests/unit/output.test.ts (8 tests) 16ms
 ✓ tests/unit/installDeps.test.ts (16 tests) 21ms
 ✓ tests/integration/snapshot.test.ts (2 tests) 139ms
 ✓ tests/unit/ui.test.ts (5 tests) 14ms
 ✓ tests/unit/state.test.ts (4 tests) 32ms
 ✓ tests/unit/args.test.ts (6 tests) 23ms
 ✓ tests/unit/preflight.test.ts (8 tests) 13ms
 ✓ tests/unit/projectName.test.ts (9 tests) 12ms

⎯⎯⎯⎯⎯⎯⎯ Failed Tests 2 ⎯⎯⎯⎯⎯⎯⎯

 FAIL  tests/integration/generator.test.ts > generator happy paths > OAuth callback 'uses sessions returned by the current…'
AssertionError: {"error":"Auth not initialized. Call initAuth() first."}: expected 400 to be 200 // Object.is equality

- Expected
+ Received

- 200
+ 400

 ❯ tests/integration/generator.test.ts:431:66
    429|       await oauthController.googleCallback({ query: {} }, response);
    430|

    431|       expect(response.statusCode, JSON.stringify(response.body)).toBe(…
 Test Files  1 failed | 17 passed (18)
       |                                                                  ^
      Tests  2 failed | 188 passed (190)
    432|       expect(response.body).toMatchObject(expected);
   Start at  17:04:42
    433|       if (mode === "link") {

⎯⎯⎯⎯⎯⎯⎯⎯⎯⎯⎯⎯⎯⎯⎯⎯⎯⎯⎯⎯⎯⎯⎯⎯[1/2]⎯

 FAIL  tests/integration/generator.test.ts > generator happy paths > OAuth callback 'returns an actionable conflict when e…'
AssertionError: {"error":"Auth not initialized. Call initAuth() first."}: expected 400 to be 409 // Object.is equality

- Expected
+ Received

- 409
+ 400

 ❯ tests/integration/generator.test.ts:431:66
    429|       await oauthController.googleCallback({ query: {} }, response);
    430|
    431|       expect(response.statusCode, JSON.stringify(response.body)).toBe(…
       |                                                                  ^
    432|       expect(response.body).toMatchObject(expected);
    433|       if (mode === "link") {

⎯⎯⎯⎯⎯⎯⎯⎯⎯⎯⎯⎯⎯⎯⎯⎯⎯⎯⎯⎯⎯⎯⎯⎯[2/2]⎯

   Duration  25.96s (transform 1.60s, setup 460ms, import 3.45s, tests 15.89s, environment 4ms)


Error: AssertionError: {"error":"Auth not initialized. Call initAuth() first."}: expected 400 to be 200 // Object.is equality

- Expected
+ Received

- 200
+ 400

 ❯ tests/integration/generator.test.ts:431:66



Error: AssertionError: {"error":"Auth not initialized. Call initAuth() first."}: expected 400 to be 409 // Object.is equality

- Expected
+ Received

- 409
+ 400

 ❯ tests/integration/generator.test.ts:431:66


Error: Process completed with exit code 1.
